[2.0, 4.0, 6.0, 8.0, 10.0]
[20.0, 40.0, 60.0, 80.0, 100.0]
[1.0, 3.0, 5.0, 7.0, 9.0]
